// Jest Snapshot v1, https://goo.gl/fbAQLP

exports[`ProductCard Component renders correctly 1`] = `
<body>
  <div>
    <a
      href="/products/1"
    >
      <div
        class="card card-compact w-96 bg-base-100 shadow-xl"
      >
        <figure>
          <img
            alt="Guirlande"
            src="https://img.com/i.png"
          />
        </figure>
        <div
          class="card-body"
        >
          <h2
            class="card-title text-center"
          >
            Guirlande
          </h2>
          <div
            class="card-price text-right"
          >
            1
             â‚¬ / jour
          </div>
        </div>
      </div>
    </a>
  </div>
</body>
`;
